---
source: crates/engine/query-solver/src/tests/flatten.rs
expression: "digraph {\n    0 [ label = \"root\", color=forestgreen ]\n}\n"
---
digraph {
    0 [ label = "root", steiner=1 ]
}
