---
source: crates/engine/query-solver/src/tests/interface.rs
expression: "digraph {\n    0 [ label = \"root\" ]\n    1 [ label = \"Query.anotherUsers\" ]\n    2 [ label = \"User.age\" ]\n    3 [ label = \"Root#b\", shape=parallelogram, color=dodgerblue ]\n    4 [ label = \"anotherUsers#b\", shape=box, color=dodgerblue ]\n    5 [ label = \"FedEntity#a\", shape=parallelogram, color=dodgerblue ]\n    6 [ label = \"age#a\", shape=box, color=dodgerblue ]\n    7 [ label = \"*NodeWithName.id\" ]\n    8 [ label = \"id#b\", shape=box, color=dodgerblue ]\n    0 -> 1 [  ]\n    1 -> 2 [  ]\n    0 -> 3 [ color=royalblue,fontcolor=royalblue ]\n    0 -> 3 [ style=dashed,arrowhead=none ]\n    3 -> 4 [ color=royalblue,fontcolor=royalblue ]\n    4 -> 1 [ color=violet,arrowhead=none ]\n    4 -> 5 [ color=royalblue,fontcolor=royalblue ]\n    1 -> 5 [ style=dashed,arrowhead=none ]\n    5 -> 6 [ color=royalblue,fontcolor=royalblue ]\n    6 -> 2 [ color=violet,arrowhead=none ]\n    1 -> 7 [  ]\n    5 -> 7 [ color=orangered,arrowhead=inv ]\n    4 -> 8 [ color=royalblue,fontcolor=royalblue ]\n    8 -> 7 [ color=violet,arrowhead=none ]\n}\n"
---
digraph {
    0 [ root]
    1 [ Query.anotherUsers]
    2 [ User.age]
    3 [ Root#b]
    4 [ anotherUsers#b]
    5 [ FedEntity#a]
    6 [ age#a]
    7 [ *NodeWithName.id]
    8 [ id#b]
    0 -> 1 [ label = "Field" ]
    1 -> 2 [ label = "Field" ]
    0 -> 3 [ label = "CreateChildResolver" ]
    0 -> 3 [ label = "HasChildResolver" ]
    3 -> 4 [ label = "CanProvide" ]
    4 -> 1 [ label = "Provides" ]
    4 -> 5 [ label = "CreateChildResolver" ]
    1 -> 5 [ label = "HasChildResolver" ]
    5 -> 6 [ label = "CanProvide" ]
    6 -> 2 [ label = "Provides" ]
    1 -> 7 [ label = "Field" ]
    5 -> 7 [ label = "Requires" ]
    4 -> 8 [ label = "CanProvide" ]
    8 -> 7 [ label = "Provides" ]
}
