---
source: crates/engine/query-solver/src/tests/extension.rs
expression: "digraph {\n    0 [ label = \"root\", color=forestgreen ]\n    1 [ label = \"Deal.createdAt\", color=forestgreen ]\n    2 [ label = \"Order.createdAt\", color=forestgreen ]\n    3 [ label = \"Order.id\", color=forestgreen ]\n    4 [ label = \"LineItem.id\", color=forestgreen ]\n    5 [ label = \"Product.name\", color=forestgreen ]\n    6 [ label = \"Product.description\", color=forestgreen ]\n    7 [ label = \"rest/rest-1.0.0#zendesk\", shape=parallelogram, color=dodgerblue, color=forestgreen ]\n    8 [ label = \"calls#zendesk\", shape=box, color=dodgerblue, color=forestgreen ]\n    9 [ label = \"deals#zendesk@derive\", shape=box, color=dodgerblue, color=forestgreen ]\n    10 [ label = \"rest/rest-1.0.0#zendesk\", shape=parallelogram, color=dodgerblue, color=forestgreen ]\n    11 [ label = \"orders#zendesk\", shape=box, color=dodgerblue, color=forestgreen ]\n    12 [ label = \"createdAt#zendesk\", shape=box, color=dodgerblue, color=forestgreen ]\n    13 [ label = \"rest/rest-1.0.0#zendesk\", shape=parallelogram, color=dodgerblue, color=forestgreen ]\n    14 [ label = \"lineItems#zendesk\", shape=box, color=dodgerblue, color=forestgreen ]\n    15 [ label = \"product#zendesk@derive\", shape=box, color=dodgerblue, color=forestgreen ]\n    16 [ label = \"Lookup/rest/rest-1.0.0#zendesk\", shape=parallelogram, color=dodgerblue, color=forestgreen ]\n    17 [ label = \"name#zendesk\", shape=box, color=dodgerblue, color=forestgreen ]\n    18 [ label = \"description#zendesk\", shape=box, color=dodgerblue, color=forestgreen ]\n    19 [ label = \"id#zendesk\", shape=box, color=dodgerblue, color=forestgreen ]\n    20 [ label = \"id#zendesk\", shape=box, color=dodgerblue, color=forestgreen ]\n    21 [ label = \"Lookup/rest/rest-1.0.0#zendesk\", shape=parallelogram, color=dodgerblue, color=forestgreen ]\n    22 [ label = \"createdAt#zendesk\", shape=box, color=dodgerblue, color=forestgreen ]\n    23 [ label = \"*Deal.id\", color=forestgreen ]\n    24 [ label = \"id#zendesk@derive\", shape=box, color=dodgerblue, color=forestgreen ]\n    25 [ label = \"*Product.id\", color=forestgreen ]\n    26 [ label = \"id#zendesk@derive\", shape=box, color=dodgerblue, color=forestgreen ]\n    27 [ label=\"\", style=dashed]\n    0 -> 7 [ label = \"\", color=forestgreen,fontcolor=forestgreen ]\n    7 -> 8 [ label = \"\", color=forestgreen,fontcolor=forestgreen ]\n    8 -> 9 [ label = \"\", color=forestgreen,fontcolor=forestgreen ]\n    9 -> 10 [ label = \"\", color=forestgreen,fontcolor=forestgreen ]\n    10 -> 11 [ label = \"\", color=forestgreen,fontcolor=forestgreen ]\n    11 -> 12 [ label = \"\", color=forestgreen,fontcolor=forestgreen ]\n    12 -> 2 [ label = \"\", color=forestgreen,fontcolor=forestgreen ]\n    11 -> 13 [ label = \"\", color=forestgreen,fontcolor=forestgreen ]\n    13 -> 14 [ label = \"\", color=forestgreen,fontcolor=forestgreen ]\n    14 -> 15 [ label = \"\", color=forestgreen,fontcolor=forestgreen ]\n    15 -> 16 [ label = \"\", color=forestgreen,fontcolor=forestgreen ]\n    16 -> 17 [ label = \"\", color=forestgreen,fontcolor=forestgreen ]\n    17 -> 5 [ label = \"\", color=forestgreen,fontcolor=forestgreen ]\n    16 -> 18 [ label = \"\", color=forestgreen,fontcolor=forestgreen ]\n    18 -> 6 [ label = \"\", color=forestgreen,fontcolor=forestgreen ]\n    14 -> 19 [ label = \"\", color=forestgreen,fontcolor=forestgreen ]\n    19 -> 4 [ label = \"\", color=forestgreen,fontcolor=forestgreen ]\n    11 -> 20 [ label = \"\", color=forestgreen,fontcolor=forestgreen ]\n    20 -> 3 [ label = \"\", color=forestgreen,fontcolor=forestgreen ]\n    9 -> 21 [ label = \"\", color=forestgreen,fontcolor=forestgreen ]\n    21 -> 22 [ label = \"\", color=forestgreen,fontcolor=forestgreen ]\n    22 -> 1 [ label = \"\", color=forestgreen,fontcolor=forestgreen ]\n    9 -> 24 [ label = \"\", color=forestgreen,fontcolor=forestgreen ]\n    24 -> 23 [ label = \"\", color=forestgreen,fontcolor=forestgreen ]\n    15 -> 26 [ label = \"\", color=forestgreen,fontcolor=forestgreen ]\n    26 -> 25 [ label = \"\", color=forestgreen,fontcolor=forestgreen ]\n    27 -> 0 [ label = \"\", color=royalblue,fontcolor=royalblue,style=dashed ]\n}\n"
---
digraph {
    0 [ label = "root", steiner=1 ]
    1 [ label = "Deal.createdAt", steiner=1 ]
    2 [ label = "Order.createdAt", steiner=1 ]
    3 [ label = "Order.id", steiner=1 ]
    4 [ label = "LineItem.id", steiner=1 ]
    5 [ label = "Product.name", steiner=1 ]
    6 [ label = "Product.description", steiner=1 ]
    7 [ label = "rest/rest-1.0.0#zendesk", steiner=1 ]
    8 [ label = "calls#zendesk", steiner=1 ]
    9 [ label = "deals#zendesk@derive", steiner=1 ]
    10 [ label = "rest/rest-1.0.0#zendesk", steiner=1 ]
    11 [ label = "orders#zendesk", steiner=1 ]
    12 [ label = "createdAt#zendesk", steiner=1 ]
    13 [ label = "rest/rest-1.0.0#zendesk", steiner=1 ]
    14 [ label = "lineItems#zendesk", steiner=1 ]
    15 [ label = "product#zendesk@derive", steiner=1 ]
    16 [ label = "Lookup/rest/rest-1.0.0#zendesk", steiner=1 ]
    17 [ label = "name#zendesk", steiner=1 ]
    18 [ label = "description#zendesk", steiner=1 ]
    19 [ label = "id#zendesk", steiner=1 ]
    20 [ label = "id#zendesk", steiner=1 ]
    21 [ label = "Lookup/rest/rest-1.0.0#zendesk", steiner=1 ]
    22 [ label = "createdAt#zendesk", steiner=1 ]
    23 [ label = "*Deal.id", steiner=1 ]
    24 [ label = "id#zendesk@derive", steiner=1 ]
    25 [ label = "*Product.id", steiner=1 ]
    26 [ label = "id#zendesk@derive", steiner=1 ]
    27 [ label="", style=dashed]
    0 -> 7 [ cost=0, steiner=1]
    7 -> 8 [ cost=0, steiner=1]
    8 -> 9 [ cost=0, steiner=1]
    9 -> 10 [ cost=0, steiner=1]
    10 -> 11 [ cost=0, steiner=1]
    11 -> 12 [ cost=0, steiner=1]
    12 -> 2 [ cost=0, steiner=1]
    11 -> 13 [ cost=0, steiner=1]
    13 -> 14 [ cost=0, steiner=1]
    14 -> 15 [ cost=0, steiner=1]
    15 -> 16 [ cost=0, steiner=1]
    16 -> 17 [ cost=0, steiner=1]
    17 -> 5 [ cost=0, steiner=1]
    16 -> 18 [ cost=0, steiner=1]
    18 -> 6 [ cost=0, steiner=1]
    14 -> 19 [ cost=0, steiner=1]
    19 -> 4 [ cost=0, steiner=1]
    11 -> 20 [ cost=0, steiner=1]
    20 -> 3 [ cost=0, steiner=1]
    9 -> 21 [ cost=0, steiner=1]
    21 -> 22 [ cost=0, steiner=1]
    22 -> 1 [ cost=0, steiner=1]
    9 -> 24 [ cost=0, steiner=1]
    24 -> 23 [ cost=0, steiner=1]
    15 -> 26 [ cost=0, steiner=1]
    26 -> 25 [ cost=0, steiner=1]
    27 -> 0 [ cost=0, steiner=0]
}
