---
source: crates/engine/query-solver/src/tests/shared_root.rs
expression: "digraph {\n    0 [ label = \"root\" ]\n    1 [ label = \"Query.products\" ]\n    2 [ label = \"Product.price\" ]\n    3 [ label = \"Product.category\" ]\n    4 [ label = \"Product.id\" ]\n    5 [ label = \"Product.name\" ]\n    6 [ label = \"Root#category\", shape=parallelogram, color=dodgerblue ]\n    7 [ label = \"products#category\", shape=box, color=dodgerblue ]\n    8 [ label = \"Root#name\", shape=parallelogram, color=dodgerblue ]\n    9 [ label = \"products#name\", shape=box, color=dodgerblue ]\n    10 [ label = \"Root#price\", shape=parallelogram, color=dodgerblue ]\n    11 [ label = \"products#price\", shape=box, color=dodgerblue ]\n    12 [ label = \"price#price\", shape=box, color=dodgerblue ]\n    13 [ label = \"id#price\", shape=box, color=dodgerblue ]\n    14 [ label = \"id#name\", shape=box, color=dodgerblue ]\n    15 [ label = \"name#name\", shape=box, color=dodgerblue ]\n    16 [ label = \"category#category\", shape=box, color=dodgerblue ]\n    17 [ label = \"id#category\", shape=box, color=dodgerblue ]\n    0 -> 1 [ label = \"\" ]\n    1 -> 2 [ label = \"\" ]\n    1 -> 3 [ label = \"\" ]\n    1 -> 4 [ label = \"\" ]\n    1 -> 5 [ label = \"\" ]\n    0 -> 6 [ label = \"\", color=royalblue,fontcolor=royalblue ]\n    0 -> 6 [ label = \"\", style=dashed,arrowhead=none ]\n    6 -> 7 [ label = \"\", color=royalblue,fontcolor=royalblue ]\n    7 -> 1 [ label = \"\", color=violet,arrowhead=none ]\n    0 -> 8 [ label = \"\", color=royalblue,fontcolor=royalblue ]\n    0 -> 8 [ label = \"\", style=dashed,arrowhead=none ]\n    8 -> 9 [ label = \"\", color=royalblue,fontcolor=royalblue ]\n    9 -> 1 [ label = \"\", color=violet,arrowhead=none ]\n    0 -> 10 [ label = \"\", color=royalblue,fontcolor=royalblue ]\n    0 -> 10 [ label = \"\", style=dashed,arrowhead=none ]\n    10 -> 11 [ label = \"\", color=royalblue,fontcolor=royalblue ]\n    11 -> 1 [ label = \"\", color=violet,arrowhead=none ]\n    11 -> 12 [ label = \"\", color=royalblue,fontcolor=royalblue ]\n    12 -> 2 [ label = \"\", color=violet,arrowhead=none ]\n    11 -> 13 [ label = \"\", color=royalblue,fontcolor=royalblue ]\n    13 -> 4 [ label = \"\", color=violet,arrowhead=none ]\n    9 -> 14 [ label = \"\", color=royalblue,fontcolor=royalblue ]\n    14 -> 4 [ label = \"\", color=violet,arrowhead=none ]\n    9 -> 15 [ label = \"\", color=royalblue,fontcolor=royalblue ]\n    15 -> 5 [ label = \"\", color=violet,arrowhead=none ]\n    7 -> 16 [ label = \"\", color=royalblue,fontcolor=royalblue ]\n    16 -> 3 [ label = \"\", color=violet,arrowhead=none ]\n    7 -> 17 [ label = \"\", color=royalblue,fontcolor=royalblue ]\n    17 -> 4 [ label = \"\", color=violet,arrowhead=none ]\n}\n"
---
digraph {
    0 [ root]
    1 [ Query.products]
    2 [ Product.price]
    3 [ Product.category]
    4 [ Product.id]
    5 [ Product.name]
    6 [ Root#category]
    7 [ products#category]
    8 [ Root#name]
    9 [ products#name]
    10 [ Root#price]
    11 [ products#price]
    12 [ price#price]
    13 [ id#price]
    14 [ id#name]
    15 [ name#name]
    16 [ category#category]
    17 [ id#category]
    0 -> 1 [ label = "Field" ]
    1 -> 2 [ label = "Field" ]
    1 -> 3 [ label = "Field" ]
    1 -> 4 [ label = "Field" ]
    1 -> 5 [ label = "Field" ]
    0 -> 6 [ label = "CreateChildResolver" ]
    0 -> 6 [ label = "HasChildResolver" ]
    6 -> 7 [ label = "CanProvide" ]
    7 -> 1 [ label = "Provides" ]
    0 -> 8 [ label = "CreateChildResolver" ]
    0 -> 8 [ label = "HasChildResolver" ]
    8 -> 9 [ label = "CanProvide" ]
    9 -> 1 [ label = "Provides" ]
    0 -> 10 [ label = "CreateChildResolver" ]
    0 -> 10 [ label = "HasChildResolver" ]
    10 -> 11 [ label = "CanProvide" ]
    11 -> 1 [ label = "Provides" ]
    11 -> 12 [ label = "CanProvide" ]
    12 -> 2 [ label = "Provides" ]
    11 -> 13 [ label = "CanProvide" ]
    13 -> 4 [ label = "Provides" ]
    9 -> 14 [ label = "CanProvide" ]
    14 -> 4 [ label = "Provides" ]
    9 -> 15 [ label = "CanProvide" ]
    15 -> 5 [ label = "Provides" ]
    7 -> 16 [ label = "CanProvide" ]
    16 -> 3 [ label = "Provides" ]
    7 -> 17 [ label = "CanProvide" ]
    17 -> 4 [ label = "Provides" ]
}
