---
source: crates/engine/query-solver/src/tests/sibling_dependencies.rs
expression: "digraph {\n    0 [ label = \"root\" ]\n    1 [ label = \"Query.me\" ]\n    2 [ label = \"User.id\" ]\n    3 [ label = \"User.username\" ]\n    4 [ label = \"User.cart\" ]\n    5 [ label = \"Cart.products\" ]\n    6 [ label = \"Product.price\" ]\n    7 [ label = \"Product.reviews\" ]\n    8 [ label = \"Review.author\" ]\n    9 [ label = \"Review.body\" ]\n    10 [ label = \"User.id\" ]\n    11 [ label = \"User.username\" ]\n    12 [ label = \"Root#accounts\", shape=parallelogram, color=dodgerblue ]\n    13 [ label = \"me#accounts\", shape=box, color=dodgerblue ]\n    14 [ label = \"id#accounts\", shape=box, color=dodgerblue ]\n    15 [ label = \"username#accounts\", shape=box, color=dodgerblue ]\n    16 [ label = \"cart#accounts\", shape=box, color=dodgerblue ]\n    17 [ label = \"products#accounts\", shape=box, color=dodgerblue ]\n    18 [ label = \"FedEntity#products\", shape=parallelogram, color=dodgerblue ]\n    19 [ label = \"price#products\", shape=box, color=dodgerblue ]\n    20 [ label = \"FedEntity#products\", shape=parallelogram, color=dodgerblue ]\n    21 [ label = \"price#products\", shape=box, color=dodgerblue ]\n    22 [ label = \"FedEntity#reviews\", shape=parallelogram, color=dodgerblue ]\n    23 [ label = \"reviews#reviews\", shape=box, color=dodgerblue ]\n    24 [ label = \"author#reviews\", shape=box, color=dodgerblue ]\n    25 [ label = \"id#reviews\", shape=box, color=dodgerblue ]\n    26 [ label = \"FedEntity#accounts\", shape=parallelogram, color=dodgerblue ]\n    27 [ label = \"username#accounts\", shape=box, color=dodgerblue ]\n    28 [ label = \"body#reviews\", shape=box, color=dodgerblue ]\n    29 [ label = \"*Product.upc\" ]\n    30 [ label = \"upc#products\", shape=box, color=dodgerblue ]\n    31 [ label = \"*Product.name\" ]\n    32 [ label = \"name#accounts\", shape=box, color=dodgerblue ]\n    33 [ label = \"FedEntity#inventory\", shape=parallelogram, color=dodgerblue ]\n    34 [ label = \"name#inventory\", shape=box, color=dodgerblue ]\n    35 [ label = \"name#products\", shape=box, color=dodgerblue ]\n    36 [ label = \"name#reviews\", shape=box, color=dodgerblue ]\n    0 -> 1 [  ]\n    1 -> 2 [  ]\n    1 -> 3 [  ]\n    1 -> 4 [  ]\n    4 -> 5 [  ]\n    5 -> 6 [  ]\n    5 -> 7 [  ]\n    7 -> 8 [  ]\n    7 -> 9 [  ]\n    8 -> 10 [  ]\n    8 -> 11 [  ]\n    0 -> 12 [ color=royalblue,fontcolor=royalblue ]\n    0 -> 12 [ style=dashed,arrowhead=none ]\n    12 -> 13 [ color=royalblue,fontcolor=royalblue ]\n    13 -> 1 [ color=violet,arrowhead=none ]\n    13 -> 14 [ color=royalblue,fontcolor=royalblue ]\n    14 -> 2 [ color=violet,arrowhead=none ]\n    13 -> 15 [ color=royalblue,fontcolor=royalblue ]\n    15 -> 3 [ color=violet,arrowhead=none ]\n    13 -> 16 [ color=royalblue,fontcolor=royalblue ]\n    16 -> 4 [ color=violet,arrowhead=none ]\n    16 -> 17 [ color=royalblue,fontcolor=royalblue ]\n    17 -> 5 [ color=violet,arrowhead=none ]\n    17 -> 18 [ color=royalblue,fontcolor=royalblue ]\n    5 -> 18 [ style=dashed,arrowhead=none ]\n    18 -> 19 [ color=royalblue,fontcolor=royalblue ]\n    19 -> 6 [ color=violet,arrowhead=none ]\n    17 -> 20 [ color=royalblue,fontcolor=royalblue ]\n    5 -> 20 [ style=dashed,arrowhead=none ]\n    20 -> 21 [ color=royalblue,fontcolor=royalblue ]\n    21 -> 6 [ color=violet,arrowhead=none ]\n    17 -> 22 [ color=royalblue,fontcolor=royalblue ]\n    5 -> 22 [ style=dashed,arrowhead=none ]\n    22 -> 23 [ color=royalblue,fontcolor=royalblue ]\n    23 -> 7 [ color=violet,arrowhead=none ]\n    23 -> 24 [ color=royalblue,fontcolor=royalblue ]\n    24 -> 8 [ color=violet,arrowhead=none ]\n    24 -> 25 [ color=royalblue,fontcolor=royalblue ]\n    25 -> 10 [ color=violet,arrowhead=none ]\n    24 -> 26 [ color=royalblue,fontcolor=royalblue ]\n    8 -> 26 [ style=dashed,arrowhead=none ]\n    26 -> 27 [ color=royalblue,fontcolor=royalblue ]\n    27 -> 11 [ color=violet,arrowhead=none ]\n    23 -> 28 [ color=royalblue,fontcolor=royalblue ]\n    28 -> 9 [ color=violet,arrowhead=none ]\n    26 -> 10 [ color=orangered,arrowhead=inv ]\n    5 -> 29 [  ]\n    22 -> 29 [ color=orangered,arrowhead=inv ]\n    20 -> 30 [ color=royalblue,fontcolor=royalblue ]\n    30 -> 29 [ color=violet,arrowhead=none ]\n    5 -> 31 [  ]\n    20 -> 31 [ color=orangered,arrowhead=inv ]\n    17 -> 32 [ color=royalblue,fontcolor=royalblue ]\n    32 -> 31 [ color=violet,arrowhead=none ]\n    17 -> 33 [ color=royalblue,fontcolor=royalblue ]\n    5 -> 33 [ style=dashed,arrowhead=none ]\n    33 -> 34 [ color=royalblue,fontcolor=royalblue ]\n    34 -> 31 [ color=violet,arrowhead=none ]\n    18 -> 35 [ color=royalblue,fontcolor=royalblue ]\n    35 -> 31 [ color=violet,arrowhead=none ]\n    22 -> 36 [ color=royalblue,fontcolor=royalblue ]\n    36 -> 31 [ color=violet,arrowhead=none ]\n    33 -> 29 [ color=orangered,arrowhead=inv ]\n    18 -> 29 [ color=orangered,arrowhead=inv ]\n}\n"
---
digraph {
    0 [ root]
    1 [ Query.me]
    2 [ User.id]
    3 [ User.username]
    4 [ User.cart]
    5 [ Cart.products]
    6 [ Product.price]
    7 [ Product.reviews]
    8 [ Review.author]
    9 [ Review.body]
    10 [ User.id]
    11 [ User.username]
    12 [ Root#accounts]
    13 [ me#accounts]
    14 [ id#accounts]
    15 [ username#accounts]
    16 [ cart#accounts]
    17 [ products#accounts]
    18 [ FedEntity#products]
    19 [ price#products]
    20 [ FedEntity#products]
    21 [ price#products]
    22 [ FedEntity#reviews]
    23 [ reviews#reviews]
    24 [ author#reviews]
    25 [ id#reviews]
    26 [ FedEntity#accounts]
    27 [ username#accounts]
    28 [ body#reviews]
    29 [ *Product.upc]
    30 [ upc#products]
    31 [ *Product.name]
    32 [ name#accounts]
    33 [ FedEntity#inventory]
    34 [ name#inventory]
    35 [ name#products]
    36 [ name#reviews]
    0 -> 1 [ label = "Field" ]
    1 -> 2 [ label = "Field" ]
    1 -> 3 [ label = "Field" ]
    1 -> 4 [ label = "Field" ]
    4 -> 5 [ label = "Field" ]
    5 -> 6 [ label = "Field" ]
    5 -> 7 [ label = "Field" ]
    7 -> 8 [ label = "Field" ]
    7 -> 9 [ label = "Field" ]
    8 -> 10 [ label = "Field" ]
    8 -> 11 [ label = "Field" ]
    0 -> 12 [ label = "CreateChildResolver" ]
    0 -> 12 [ label = "HasChildResolver" ]
    12 -> 13 [ label = "CanProvide" ]
    13 -> 1 [ label = "Provides" ]
    13 -> 14 [ label = "CanProvide" ]
    14 -> 2 [ label = "Provides" ]
    13 -> 15 [ label = "CanProvide" ]
    15 -> 3 [ label = "Provides" ]
    13 -> 16 [ label = "CanProvide" ]
    16 -> 4 [ label = "Provides" ]
    16 -> 17 [ label = "CanProvide" ]
    17 -> 5 [ label = "Provides" ]
    17 -> 18 [ label = "CreateChildResolver" ]
    5 -> 18 [ label = "HasChildResolver" ]
    18 -> 19 [ label = "CanProvide" ]
    19 -> 6 [ label = "Provides" ]
    17 -> 20 [ label = "CreateChildResolver" ]
    5 -> 20 [ label = "HasChildResolver" ]
    20 -> 21 [ label = "CanProvide" ]
    21 -> 6 [ label = "Provides" ]
    17 -> 22 [ label = "CreateChildResolver" ]
    5 -> 22 [ label = "HasChildResolver" ]
    22 -> 23 [ label = "CanProvide" ]
    23 -> 7 [ label = "Provides" ]
    23 -> 24 [ label = "CanProvide" ]
    24 -> 8 [ label = "Provides" ]
    24 -> 25 [ label = "CanProvide" ]
    25 -> 10 [ label = "Provides" ]
    24 -> 26 [ label = "CreateChildResolver" ]
    8 -> 26 [ label = "HasChildResolver" ]
    26 -> 27 [ label = "CanProvide" ]
    27 -> 11 [ label = "Provides" ]
    23 -> 28 [ label = "CanProvide" ]
    28 -> 9 [ label = "Provides" ]
    26 -> 10 [ label = "Requires" ]
    5 -> 29 [ label = "Field" ]
    22 -> 29 [ label = "Requires" ]
    20 -> 30 [ label = "CanProvide" ]
    30 -> 29 [ label = "Provides" ]
    5 -> 31 [ label = "Field" ]
    20 -> 31 [ label = "Requires" ]
    17 -> 32 [ label = "CanProvide" ]
    32 -> 31 [ label = "Provides" ]
    17 -> 33 [ label = "CreateChildResolver" ]
    5 -> 33 [ label = "HasChildResolver" ]
    33 -> 34 [ label = "CanProvide" ]
    34 -> 31 [ label = "Provides" ]
    18 -> 35 [ label = "CanProvide" ]
    35 -> 31 [ label = "Provides" ]
    22 -> 36 [ label = "CanProvide" ]
    36 -> 31 [ label = "Provides" ]
    33 -> 29 [ label = "Requires" ]
    18 -> 29 [ label = "Requires" ]
}
