---
source: crates/engine/query-solver/src/tests/inaccessible.rs
expression: "digraph {\n    0 [ label = \"root\" ]\n    1 [ label = \"Root#b\", color=royalblue,shape=parallelogram ]\n    2 [ label = \"Query.media\" ]\n    3 [ label = \"Movie.title\" ]\n    0 -> 1 [ color=royalblue,fontcolor=royalblue ]\n    2 -> 3 [  ]\n    1 -> 2 [  ]\n}\n"
---
digraph {
    0 [ label = "root" ]
    1 [ label = "Root#b" ]
    2 [ label = "Query.media" ]
    3 [ label = "Movie.title" ]
    0 -> 1 [ label = "QueryPartition" ]
    2 -> 3 [ label = "Field" ]
    1 -> 2 [ label = "Field" ]
}
