---
source: crates/engine/query-solver/src/tests/inaccessible.rs
expression: "digraph {\n    0 [ label = \"root\", color=forestgreen ]\n    1 [ label = \"Movie.title\", style=dashed ]\n    2 [ label = \"Root#b\", shape=parallelogram, color=dodgerblue, style=dashed ]\n    3 [ label = \"media#b\", shape=box, color=dodgerblue, style=dashed ]\n    4 [ label = \"title#b\", shape=box, color=dodgerblue, style=dashed ]\n    0 -> 2 [ label = <<b>1</b>>, color=royalblue,fontcolor=royalblue,style=dashed ]\n    2 -> 3 [ label = \"\", color=royalblue,fontcolor=royalblue,style=dashed ]\n    3 -> 4 [ label = \"\", color=royalblue,fontcolor=royalblue,style=dashed ]\n    4 -> 1 [ label = \"\", color=royalblue,fontcolor=royalblue,style=dashed ]\n}\n"
---
digraph {
    0 [ label = "root", steiner=1 ]
    1 [ label = "Movie.title", steiner=0 ]
    2 [ label = "Root#b", steiner=0 ]
    3 [ label = "media#b", steiner=0 ]
    4 [ label = "title#b", steiner=0 ]
    0 -> 2 [ cost=1, steiner=0]
    2 -> 3 [ cost=0, steiner=0]
    3 -> 4 [ cost=0, steiner=0]
    4 -> 1 [ cost=0, steiner=0]
}
