---
source: crates/engine/query-solver/src/tests/mutation.rs
expression: "digraph {\n    0 [ label = \"root\" ]\n    1 [ label = \"five: Mutation.add\" ]\n    2 [ label = \"ten: Mutation.multiply\" ]\n    3 [ label = \"twelve: Mutation.add\" ]\n    4 [ label = \"final: Mutation.delete\" ]\n    5 [ label = \"Root#c\", shape=parallelogram, color=dodgerblue ]\n    6 [ label = \"five#c\", shape=box, color=dodgerblue ]\n    7 [ label = \"Root#a\", shape=parallelogram, color=dodgerblue ]\n    8 [ label = \"ten#a\", shape=box, color=dodgerblue ]\n    9 [ label = \"twelve#c\", shape=box, color=dodgerblue ]\n    10 [ label = \"Root#b\", shape=parallelogram, color=dodgerblue ]\n    11 [ label = \"final#b\", shape=box, color=dodgerblue ]\n    0 -> 1 [  ]\n    0 -> 2 [  ]\n    0 -> 3 [  ]\n    0 -> 4 [  ]\n    0 -> 5 [ color=royalblue,fontcolor=royalblue ]\n    0 -> 5 [ style=dashed,arrowhead=none ]\n    5 -> 6 [ color=royalblue,fontcolor=royalblue ]\n    6 -> 1 [ color=violet,arrowhead=none ]\n    0 -> 7 [ color=royalblue,fontcolor=royalblue ]\n    0 -> 7 [ style=dashed,arrowhead=none ]\n    7 -> 8 [ color=royalblue,fontcolor=royalblue ]\n    8 -> 2 [ color=violet,arrowhead=none ]\n    5 -> 9 [ color=royalblue,fontcolor=royalblue ]\n    9 -> 3 [ color=violet,arrowhead=none ]\n    0 -> 10 [ color=royalblue,fontcolor=royalblue ]\n    0 -> 10 [ style=dashed,arrowhead=none ]\n    10 -> 11 [ color=royalblue,fontcolor=royalblue ]\n    11 -> 4 [ color=violet,arrowhead=none ]\n}\n"
---
digraph {
    0 [ root]
    1 [ five: Mutation.add]
    2 [ ten: Mutation.multiply]
    3 [ twelve: Mutation.add]
    4 [ final: Mutation.delete]
    5 [ Root#c]
    6 [ five#c]
    7 [ Root#a]
    8 [ ten#a]
    9 [ twelve#c]
    10 [ Root#b]
    11 [ final#b]
    0 -> 1 [ label = "Field" ]
    0 -> 2 [ label = "Field" ]
    0 -> 3 [ label = "Field" ]
    0 -> 4 [ label = "Field" ]
    0 -> 5 [ label = "CreateChildResolver" ]
    0 -> 5 [ label = "HasChildResolver" ]
    5 -> 6 [ label = "CanProvide" ]
    6 -> 1 [ label = "Provides" ]
    0 -> 7 [ label = "CreateChildResolver" ]
    0 -> 7 [ label = "HasChildResolver" ]
    7 -> 8 [ label = "CanProvide" ]
    8 -> 2 [ label = "Provides" ]
    5 -> 9 [ label = "CanProvide" ]
    9 -> 3 [ label = "Provides" ]
    0 -> 10 [ label = "CreateChildResolver" ]
    0 -> 10 [ label = "HasChildResolver" ]
    10 -> 11 [ label = "CanProvide" ]
    11 -> 4 [ label = "Provides" ]
}
