---
source: crates/engine/query-solver/src/tests/abstract_types.rs
expression: "digraph {\n    0 [ label = \"root\" ]\n    1 [ label = \"Root#products\", color=royalblue,shape=parallelogram ]\n    2 [ label = \"Query.similar\" ]\n    3 [ label = \"Product.id\" ]\n    4 [ label = \"Product.sku\" ]\n    5 [ label = \"FedEntity#inventory\", color=royalblue,shape=parallelogram ]\n    6 [ label = \"Book.delivery\" ]\n    7 [ label = \"DeliveryEstimates.estimatedDelivery\" ]\n    8 [ label = \"DeliveryEstimates.fastestDelivery\" ]\n    9 [ label = \"*Book.dimensions\" ]\n    10 [ label = \"*ProductDimension.weight\" ]\n    11 [ label = \"*ProductDimension.size\" ]\n    12 [ label = \"*Book.id\" ]\n    13 [ label = \"FedEntity#inventory\", color=royalblue,shape=parallelogram ]\n    14 [ label = \"Magazine.delivery\" ]\n    15 [ label = \"DeliveryEstimates.estimatedDelivery\" ]\n    16 [ label = \"DeliveryEstimates.fastestDelivery\" ]\n    17 [ label = \"*Magazine.dimensions\" ]\n    18 [ label = \"*ProductDimension.weight\" ]\n    19 [ label = \"*ProductDimension.size\" ]\n    20 [ label = \"*Magazine.id\" ]\n    0 -> 1 [ color=royalblue,fontcolor=royalblue ]\n    14 -> 17 [ color=orangered,arrowhead=inv ]\n    2 -> 3 [  ]\n    2 -> 4 [  ]\n    2 -> 5 [ color=royalblue,fontcolor=royalblue ]\n    14 -> 19 [ color=orangered,arrowhead=inv ]\n    6 -> 7 [  ]\n    6 -> 8 [  ]\n    2 -> 9 [  ]\n    9 -> 10 [  ]\n    9 -> 11 [  ]\n    2 -> 12 [  ]\n    2 -> 13 [ color=royalblue,fontcolor=royalblue ]\n    1 -> 2 [  ]\n    14 -> 15 [  ]\n    14 -> 16 [  ]\n    2 -> 17 [  ]\n    17 -> 18 [  ]\n    17 -> 19 [  ]\n    2 -> 20 [  ]\n    5 -> 12 [ color=orangered,arrowhead=inv ]\n    6 -> 10 [ color=orangered,arrowhead=inv ]\n    6 -> 11 [ color=orangered,arrowhead=inv ]\n    6 -> 9 [ color=orangered,arrowhead=inv ]\n    13 -> 20 [ color=orangered,arrowhead=inv ]\n    14 -> 18 [ color=orangered,arrowhead=inv ]\n    13 -> 14 [  ]\n    5 -> 6 [  ]\n}\n"
---
digraph {
    0 [ label = "root" ]
    1 [ label = "Root#products" ]
    2 [ label = "Query.similar" ]
    3 [ label = "Product.id" ]
    4 [ label = "Product.sku" ]
    5 [ label = "FedEntity#inventory" ]
    6 [ label = "Book.delivery" ]
    7 [ label = "DeliveryEstimates.estimatedDelivery" ]
    8 [ label = "DeliveryEstimates.fastestDelivery" ]
    9 [ label = "*Book.dimensions" ]
    10 [ label = "*ProductDimension.weight" ]
    11 [ label = "*ProductDimension.size" ]
    12 [ label = "*Book.id" ]
    13 [ label = "FedEntity#inventory" ]
    14 [ label = "Magazine.delivery" ]
    15 [ label = "DeliveryEstimates.estimatedDelivery" ]
    16 [ label = "DeliveryEstimates.fastestDelivery" ]
    17 [ label = "*Magazine.dimensions" ]
    18 [ label = "*ProductDimension.weight" ]
    19 [ label = "*ProductDimension.size" ]
    20 [ label = "*Magazine.id" ]
    0 -> 1 [ label = "QueryPartition" ]
    14 -> 17 [ label = "RequiredBySubgraph" ]
    2 -> 3 [ label = "Field" ]
    2 -> 4 [ label = "Field" ]
    2 -> 5 [ label = "QueryPartition" ]
    14 -> 19 [ label = "RequiredBySubgraph" ]
    6 -> 7 [ label = "Field" ]
    6 -> 8 [ label = "Field" ]
    2 -> 9 [ label = "Field" ]
    9 -> 10 [ label = "Field" ]
    9 -> 11 [ label = "Field" ]
    2 -> 12 [ label = "Field" ]
    2 -> 13 [ label = "QueryPartition" ]
    1 -> 2 [ label = "Field" ]
    14 -> 15 [ label = "Field" ]
    14 -> 16 [ label = "Field" ]
    2 -> 17 [ label = "Field" ]
    17 -> 18 [ label = "Field" ]
    17 -> 19 [ label = "Field" ]
    2 -> 20 [ label = "Field" ]
    5 -> 12 [ label = "RequiredBySubgraph" ]
    6 -> 10 [ label = "RequiredBySubgraph" ]
    6 -> 11 [ label = "RequiredBySubgraph" ]
    6 -> 9 [ label = "RequiredBySubgraph" ]
    13 -> 20 [ label = "RequiredBySubgraph" ]
    14 -> 18 [ label = "RequiredBySubgraph" ]
    13 -> 14 [ label = "Field" ]
    5 -> 6 [ label = "Field" ]
}
