---
source: crates/engine/query-solver/src/tests/basic.rs
expression: "digraph {\n    0 [ label = \"root\" ]\n    1 [ label = \"Root#products\", color=royalblue,shape=parallelogram ]\n    2 [ label = \"Query.topProducts\" ]\n    3 [ label = \"Product.name\" ]\n    4 [ label = \"FedEntity#reviews\", color=royalblue,shape=parallelogram ]\n    5 [ label = \"Product.reviews\" ]\n    6 [ label = \"Review.author\" ]\n    7 [ label = \"FedEntity#accounts\", color=royalblue,shape=parallelogram ]\n    8 [ label = \"User.name\" ]\n    9 [ label = \"*User.id\" ]\n    10 [ label = \"*Product.upc\" ]\n    0 -> 1 [ color=royalblue,fontcolor=royalblue ]\n    7 -> 9 [ color=orangered,arrowhead=inv ]\n    2 -> 3 [  ]\n    2 -> 4 [ color=royalblue,fontcolor=royalblue ]\n    1 -> 2 [  ]\n    5 -> 6 [  ]\n    6 -> 7 [ color=royalblue,fontcolor=royalblue ]\n    4 -> 5 [  ]\n    6 -> 9 [  ]\n    2 -> 10 [  ]\n    4 -> 10 [ color=orangered,arrowhead=inv ]\n    7 -> 8 [  ]\n}\n"
---
digraph {
    0 [ label = "root" ]
    1 [ label = "Root#products" ]
    2 [ label = "Query.topProducts" ]
    3 [ label = "Product.name" ]
    4 [ label = "FedEntity#reviews" ]
    5 [ label = "Product.reviews" ]
    6 [ label = "Review.author" ]
    7 [ label = "FedEntity#accounts" ]
    8 [ label = "User.name" ]
    9 [ label = "*User.id" ]
    10 [ label = "*Product.upc" ]
    0 -> 1 [ label = "QueryPartition" ]
    7 -> 9 [ label = "RequiredBySubgraph" ]
    2 -> 3 [ label = "Field" ]
    2 -> 4 [ label = "QueryPartition" ]
    1 -> 2 [ label = "Field" ]
    5 -> 6 [ label = "Field" ]
    6 -> 7 [ label = "QueryPartition" ]
    4 -> 5 [ label = "Field" ]
    6 -> 9 [ label = "Field" ]
    2 -> 10 [ label = "Field" ]
    4 -> 10 [ label = "RequiredBySubgraph" ]
    7 -> 8 [ label = "Field" ]
}
