---
source: crates/engine/query-solver/src/tests/entities.rs
expression: "digraph {\n    0 [ label = \"root\", color=forestgreen ]\n    1 [ label = \"Product.name\", color=forestgreen ]\n    2 [ label = \"Review.stars\", color=forestgreen ]\n    3 [ label = \"Root#category\", shape=parallelogram, color=dodgerblue, style=dashed ]\n    4 [ label = \"products#category\", shape=box, color=dodgerblue, style=dashed ]\n    5 [ label = \"Root#name\", shape=parallelogram, color=dodgerblue, color=forestgreen ]\n    6 [ label = \"products#name\", shape=box, color=dodgerblue, color=forestgreen ]\n    7 [ label = \"Root#price\", shape=parallelogram, color=dodgerblue, style=dashed ]\n    8 [ label = \"products#price\", shape=box, color=dodgerblue, style=dashed ]\n    9 [ label = \"FedEntity#name\", shape=parallelogram, color=dodgerblue, style=dashed ]\n    10 [ label = \"name#name\", shape=box, color=dodgerblue, style=dashed ]\n    11 [ label = \"FedEntity#review\", shape=parallelogram, color=dodgerblue, color=forestgreen ]\n    12 [ label = \"reviews#review\", shape=box, color=dodgerblue, color=forestgreen ]\n    13 [ label = \"stars#review\", shape=box, color=dodgerblue, color=forestgreen ]\n    14 [ label = \"name#name\", shape=box, color=dodgerblue, color=forestgreen ]\n    15 [ label = \"*Product.id\", color=forestgreen ]\n    16 [ label = \"id#category\", shape=box, color=dodgerblue, style=dashed ]\n    17 [ label = \"id#name\", shape=box, color=dodgerblue, color=forestgreen ]\n    18 [ label = \"id#price\", shape=box, color=dodgerblue, style=dashed ]\n    0 -> 3 [ label = <<b>1</b>>, color=royalblue,fontcolor=royalblue,style=dashed ]\n    3 -> 4 [ label = \"\", color=royalblue,fontcolor=royalblue,style=dashed ]\n    0 -> 5 [ label = <<b>1</b>>, color=forestgreen,fontcolor=forestgreen ]\n    5 -> 6 [ label = \"\", color=forestgreen,fontcolor=forestgreen ]\n    0 -> 7 [ label = <<b>1</b>>, color=royalblue,fontcolor=royalblue,style=dashed ]\n    7 -> 8 [ label = \"\", color=royalblue,fontcolor=royalblue,style=dashed ]\n    8 -> 9 [ label = <<b>1</b>>, color=royalblue,fontcolor=royalblue,style=dashed ]\n    9 -> 10 [ label = \"\", color=royalblue,fontcolor=royalblue,style=dashed ]\n    10 -> 1 [ label = \"\", color=royalblue,fontcolor=royalblue,style=dashed ]\n    8 -> 11 [ label = <<b>1</b>>, color=royalblue,fontcolor=royalblue,style=dashed ]\n    11 -> 12 [ label = \"\", color=forestgreen,fontcolor=forestgreen ]\n    12 -> 13 [ label = \"\", color=forestgreen,fontcolor=forestgreen ]\n    13 -> 2 [ label = \"\", color=forestgreen,fontcolor=forestgreen ]\n    6 -> 14 [ label = \"\", color=forestgreen,fontcolor=forestgreen ]\n    14 -> 1 [ label = \"\", color=forestgreen,fontcolor=forestgreen ]\n    6 -> 11 [ label = <<b>1</b>>, color=forestgreen,fontcolor=forestgreen ]\n    4 -> 9 [ label = <<b>1</b>>, color=royalblue,fontcolor=royalblue,style=dashed ]\n    4 -> 11 [ label = <<b>1</b>>, color=royalblue,fontcolor=royalblue,style=dashed ]\n    4 -> 16 [ label = \"\", color=royalblue,fontcolor=royalblue,style=dashed ]\n    16 -> 15 [ label = \"\", color=royalblue,fontcolor=royalblue,style=dashed ]\n    6 -> 17 [ label = \"\", color=forestgreen,fontcolor=forestgreen ]\n    17 -> 15 [ label = \"\", color=forestgreen,fontcolor=forestgreen ]\n    8 -> 18 [ label = \"\", color=royalblue,fontcolor=royalblue,style=dashed ]\n    18 -> 15 [ label = \"\", color=royalblue,fontcolor=royalblue,style=dashed ]\n}\n"
---
digraph {
    0 [ label = "root", steiner=1 ]
    1 [ label = "Product.name", steiner=1 ]
    2 [ label = "Review.stars", steiner=1 ]
    3 [ label = "Root#category", steiner=0 ]
    4 [ label = "products#category", steiner=0 ]
    5 [ label = "Root#name", steiner=1 ]
    6 [ label = "products#name", steiner=1 ]
    7 [ label = "Root#price", steiner=0 ]
    8 [ label = "products#price", steiner=0 ]
    9 [ label = "FedEntity#name", steiner=0 ]
    10 [ label = "name#name", steiner=0 ]
    11 [ label = "FedEntity#review", steiner=1 ]
    12 [ label = "reviews#review", steiner=1 ]
    13 [ label = "stars#review", steiner=1 ]
    14 [ label = "name#name", steiner=1 ]
    15 [ label = "*Product.id", steiner=1 ]
    16 [ label = "id#category", steiner=0 ]
    17 [ label = "id#name", steiner=1 ]
    18 [ label = "id#price", steiner=0 ]
    0 -> 3 [ cost=1, steiner=0]
    3 -> 4 [ cost=0, steiner=0]
    0 -> 5 [ cost=1, steiner=1]
    5 -> 6 [ cost=0, steiner=1]
    0 -> 7 [ cost=1, steiner=0]
    7 -> 8 [ cost=0, steiner=0]
    8 -> 9 [ cost=1, steiner=0]
    9 -> 10 [ cost=0, steiner=0]
    10 -> 1 [ cost=0, steiner=0]
    8 -> 11 [ cost=1, steiner=0]
    11 -> 12 [ cost=0, steiner=1]
    12 -> 13 [ cost=0, steiner=1]
    13 -> 2 [ cost=0, steiner=1]
    6 -> 14 [ cost=0, steiner=1]
    14 -> 1 [ cost=0, steiner=1]
    6 -> 11 [ cost=1, steiner=1]
    4 -> 9 [ cost=1, steiner=0]
    4 -> 11 [ cost=1, steiner=0]
    4 -> 16 [ cost=0, steiner=0]
    16 -> 15 [ cost=0, steiner=0]
    6 -> 17 [ cost=0, steiner=1]
    17 -> 15 [ cost=0, steiner=1]
    8 -> 18 [ cost=0, steiner=0]
    18 -> 15 [ cost=0, steiner=0]
}
