---
source: crates/engine/query-solver/src/tests/abstract_types.rs
expression: "digraph {\n    0 [ label = \"root\" ]\n    1 [ label = \"Query.products\" ]\n    2 [ label = \"Product.id\" ]\n    3 [ label = \"Magazine.publisherType\" ]\n    4 [ label = \"Book.publisherType\" ]\n    5 [ label = \"Agency.id\" ]\n    6 [ label = \"Agency.companyName\" ]\n    7 [ label = \"Self.email\" ]\n    9 [ label = \"Agency.id\" ]\n    10 [ label = \"Agency.companyName\" ]\n    11 [ label = \"Self.email\" ]\n    13 [ label = \"Root#products\", shape=parallelogram, color=dodgerblue ]\n    14 [ label = \"products#products\", shape=box, color=dodgerblue ]\n    15 [ label = \"id#products\", shape=box, color=dodgerblue ]\n    16 [ label = \"publisherType#products\", shape=box, color=dodgerblue ]\n    17 [ label = \"id#products\", shape=box, color=dodgerblue ]\n    18 [ label = \"FedEntity#agency\", shape=parallelogram, color=dodgerblue ]\n    19 [ label = \"companyName#agency\", shape=box, color=dodgerblue ]\n    20 [ label = \"email#products\", shape=box, color=dodgerblue ]\n    21 [ label = \"publisherType#products\", shape=box, color=dodgerblue ]\n    22 [ label = \"id#products\", shape=box, color=dodgerblue ]\n    23 [ label = \"FedEntity#agency\", shape=parallelogram, color=dodgerblue ]\n    24 [ label = \"companyName#agency\", shape=box, color=dodgerblue ]\n    25 [ label = \"email#products\", shape=box, color=dodgerblue ]\n    0 -> 1 [  ]\n    1 -> 2 [  ]\n    1 -> 3 [  ]\n    1 -> 4 [  ]\n    3 -> 5 [  ]\n    3 -> 6 [  ]\n    3 -> 7 [  ]\n    4 -> 9 [  ]\n    4 -> 10 [  ]\n    4 -> 11 [  ]\n    0 -> 13 [ color=royalblue,fontcolor=royalblue ]\n    0 -> 13 [ style=dashed,arrowhead=none ]\n    13 -> 14 [ color=royalblue,fontcolor=royalblue ]\n    14 -> 1 [ color=violet,arrowhead=none ]\n    14 -> 15 [ color=royalblue,fontcolor=royalblue ]\n    15 -> 2 [ color=violet,arrowhead=none ]\n    14 -> 16 [ color=royalblue,fontcolor=royalblue ]\n    16 -> 3 [ color=violet,arrowhead=none ]\n    16 -> 17 [ color=royalblue,fontcolor=royalblue ]\n    17 -> 5 [ color=violet,arrowhead=none ]\n    16 -> 18 [ color=royalblue,fontcolor=royalblue ]\n    3 -> 18 [ style=dashed,arrowhead=none ]\n    18 -> 19 [ color=royalblue,fontcolor=royalblue ]\n    19 -> 6 [ color=violet,arrowhead=none ]\n    16 -> 20 [ color=royalblue,fontcolor=royalblue ]\n    20 -> 7 [ color=violet,arrowhead=none ]\n    14 -> 21 [ color=royalblue,fontcolor=royalblue ]\n    21 -> 4 [ color=violet,arrowhead=none ]\n    21 -> 22 [ color=royalblue,fontcolor=royalblue ]\n    22 -> 9 [ color=violet,arrowhead=none ]\n    21 -> 23 [ color=royalblue,fontcolor=royalblue ]\n    4 -> 23 [ style=dashed,arrowhead=none ]\n    23 -> 24 [ color=royalblue,fontcolor=royalblue ]\n    24 -> 10 [ color=violet,arrowhead=none ]\n    21 -> 25 [ color=royalblue,fontcolor=royalblue ]\n    25 -> 11 [ color=violet,arrowhead=none ]\n    23 -> 9 [ color=orangered,arrowhead=inv ]\n    18 -> 5 [ color=orangered,arrowhead=inv ]\n}\n"
---
digraph {
    0 [ root]
    1 [ Query.products]
    2 [ Product.id]
    3 [ Magazine.publisherType]
    4 [ Book.publisherType]
    5 [ Agency.id]
    6 [ Agency.companyName]
    7 [ Self.email]
    9 [ Agency.id]
    10 [ Agency.companyName]
    11 [ Self.email]
    13 [ Root#products]
    14 [ products#products]
    15 [ id#products]
    16 [ publisherType#products]
    17 [ id#products]
    18 [ FedEntity#agency]
    19 [ companyName#agency]
    20 [ email#products]
    21 [ publisherType#products]
    22 [ id#products]
    23 [ FedEntity#agency]
    24 [ companyName#agency]
    25 [ email#products]
    0 -> 1 [ label = "Field" ]
    1 -> 2 [ label = "Field" ]
    1 -> 3 [ label = "Field" ]
    1 -> 4 [ label = "Field" ]
    3 -> 5 [ label = "Field" ]
    3 -> 6 [ label = "Field" ]
    3 -> 7 [ label = "Field" ]
    4 -> 9 [ label = "Field" ]
    4 -> 10 [ label = "Field" ]
    4 -> 11 [ label = "Field" ]
    0 -> 13 [ label = "CreateChildResolver" ]
    0 -> 13 [ label = "HasChildResolver" ]
    13 -> 14 [ label = "CanProvide" ]
    14 -> 1 [ label = "Provides" ]
    14 -> 15 [ label = "CanProvide" ]
    15 -> 2 [ label = "Provides" ]
    14 -> 16 [ label = "CanProvide" ]
    16 -> 3 [ label = "Provides" ]
    16 -> 17 [ label = "CanProvide" ]
    17 -> 5 [ label = "Provides" ]
    16 -> 18 [ label = "CreateChildResolver" ]
    3 -> 18 [ label = "HasChildResolver" ]
    18 -> 19 [ label = "CanProvide" ]
    19 -> 6 [ label = "Provides" ]
    16 -> 20 [ label = "CanProvide" ]
    20 -> 7 [ label = "Provides" ]
    14 -> 21 [ label = "CanProvide" ]
    21 -> 4 [ label = "Provides" ]
    21 -> 22 [ label = "CanProvide" ]
    22 -> 9 [ label = "Provides" ]
    21 -> 23 [ label = "CreateChildResolver" ]
    4 -> 23 [ label = "HasChildResolver" ]
    23 -> 24 [ label = "CanProvide" ]
    24 -> 10 [ label = "Provides" ]
    21 -> 25 [ label = "CanProvide" ]
    25 -> 11 [ label = "Provides" ]
    23 -> 9 [ label = "Requires" ]
    18 -> 5 [ label = "Requires" ]
}
