---
source: crates/engine/query-solver/src/tests/basic.rs
expression: "digraph {\n    0 [ label = \"root\", color=forestgreen ]\n    1 [ label = \"Product.name\", color=forestgreen ]\n    2 [ label = \"User.name\", color=forestgreen ]\n    3 [ label = \"Root#products\", shape=parallelogram, color=dodgerblue, color=forestgreen ]\n    4 [ label = \"topProducts#products\", shape=box, color=dodgerblue, color=forestgreen ]\n    5 [ label = \"name#products\", shape=box, color=dodgerblue, color=forestgreen ]\n    6 [ label = \"FedEntity#reviews\", shape=parallelogram, color=dodgerblue, color=forestgreen ]\n    7 [ label = \"reviews#reviews\", shape=box, color=dodgerblue, color=forestgreen ]\n    8 [ label = \"author#reviews\", shape=box, color=dodgerblue, color=forestgreen ]\n    9 [ label = \"FedEntity#accounts\", shape=parallelogram, color=dodgerblue, color=forestgreen ]\n    10 [ label = \"name#accounts\", shape=box, color=dodgerblue, color=forestgreen ]\n    11 [ label = \"*User.id\", color=forestgreen ]\n    12 [ label = \"id#reviews\", shape=box, color=dodgerblue, color=forestgreen ]\n    13 [ label = \"*Product.upc\", color=forestgreen ]\n    14 [ label = \"upc#products\", shape=box, color=dodgerblue, color=forestgreen ]\n    15 [ label=\"\", style=dashed]\n    0 -> 3 [ label = <<b>1</b>>, color=forestgreen,fontcolor=forestgreen ]\n    3 -> 4 [ label = \"\", color=forestgreen,fontcolor=forestgreen ]\n    4 -> 5 [ label = \"\", color=forestgreen,fontcolor=forestgreen ]\n    5 -> 1 [ label = \"\", color=forestgreen,fontcolor=forestgreen ]\n    4 -> 6 [ label = <<b>1</b>>, color=forestgreen,fontcolor=forestgreen ]\n    6 -> 7 [ label = \"\", color=forestgreen,fontcolor=forestgreen ]\n    7 -> 8 [ label = \"\", color=forestgreen,fontcolor=forestgreen ]\n    8 -> 9 [ label = <<b>1</b>>, color=forestgreen,fontcolor=forestgreen ]\n    9 -> 10 [ label = \"\", color=forestgreen,fontcolor=forestgreen ]\n    10 -> 2 [ label = \"\", color=forestgreen,fontcolor=forestgreen ]\n    8 -> 12 [ label = \"\", color=forestgreen,fontcolor=forestgreen ]\n    12 -> 11 [ label = \"\", color=forestgreen,fontcolor=forestgreen ]\n    4 -> 14 [ label = \"\", color=forestgreen,fontcolor=forestgreen ]\n    14 -> 13 [ label = \"\", color=forestgreen,fontcolor=forestgreen ]\n    15 -> 0 [ label = \"\", color=forestgreen,fontcolor=forestgreen ]\n}\n"
---
digraph {
    0 [ label = "root", steiner=1 ]
    1 [ label = "Product.name", steiner=1 ]
    2 [ label = "User.name", steiner=1 ]
    3 [ label = "Root#products", steiner=1 ]
    4 [ label = "topProducts#products", steiner=1 ]
    5 [ label = "name#products", steiner=1 ]
    6 [ label = "FedEntity#reviews", steiner=1 ]
    7 [ label = "reviews#reviews", steiner=1 ]
    8 [ label = "author#reviews", steiner=1 ]
    9 [ label = "FedEntity#accounts", steiner=1 ]
    10 [ label = "name#accounts", steiner=1 ]
    11 [ label = "*User.id", steiner=1 ]
    12 [ label = "id#reviews", steiner=1 ]
    13 [ label = "*Product.upc", steiner=1 ]
    14 [ label = "upc#products", steiner=1 ]
    15 [ label="", style=dashed]
    0 -> 3 [ cost=1, steiner=1]
    3 -> 4 [ cost=0, steiner=1]
    4 -> 5 [ cost=0, steiner=1]
    5 -> 1 [ cost=0, steiner=1]
    4 -> 6 [ cost=1, steiner=1]
    6 -> 7 [ cost=0, steiner=1]
    7 -> 8 [ cost=0, steiner=1]
    8 -> 9 [ cost=1, steiner=1]
    9 -> 10 [ cost=0, steiner=1]
    10 -> 2 [ cost=0, steiner=1]
    8 -> 12 [ cost=0, steiner=1]
    12 -> 11 [ cost=0, steiner=1]
    4 -> 14 [ cost=0, steiner=1]
    14 -> 13 [ cost=0, steiner=1]
    15 -> 0 [ cost=0, steiner=1]
}
