---
source: crates/integration-tests/benches/federation/query_planning.rs
expression: response
---
{
  "data": {
    "node": null
  }
}
